// Jest Snapshot v1, https://goo.gl/fbAQLP

exports[`Messages Messages should render correctly 1`] = `
<div
  style={
    Object {
      "backgroundColor": "grey",
      "color": "white",
      "float": "right",
      "height": "80%",
      "padding": "5px",
      "width": "30%",
    }
  }
/>
`;
